******************************************************************************
            TI ARM Clang Linker PC v5.1.1                      
******************************************************************************
>> Linked Fri Jul 24 15:42:56 2026

OUTPUT FILE NAME:   <D:\04-NUEDC_prepare\empty\Debug\empty.out>
ENTRY POINT SYMBOL: "_c_int00_noargs"  address: 000034d9


MEMORY CONFIGURATION

         name            origin    length      used     unused   attr    fill
----------------------  --------  ---------  --------  --------  ----  --------
  FLASH                 00000000   00020000  00003860  0001c7a0  R  X
  SRAM                  20200000   00008000  00000202  00007dfe  RW X
  BCR_CONFIG            41c00000   000000ff  00000000  000000ff  R   
  BSL_CONFIG            41c00100   00000080  00000000  00000080  R   


SEGMENT ALLOCATION MAP

run origin  load origin   length   init length attrs members
----------  ----------- ---------- ----------- ----- -------
00000000    00000000    00003860   00003860    r-x
  00000000    00000000    000000c0   000000c0    r-- .intvecs
  000000c0    000000c0    000034c8   000034c8    r-x .text
  00003588    00003588    000002c0   000002c0    r-- .rodata
  00003848    00003848    00000018   00000018    r-- .cinit
20200000    20200000    00000002   00000000    rw-
  20200000    20200000    00000002   00000000    rw- .data
20207e00    20207e00    00000200   00000000    rw-
  20207e00    20207e00    00000200   00000000    rw- .stack


SECTION ALLOCATION MAP

 output                                  attributes/
section   page    origin      length       input sections
--------  ----  ----------  ----------   ----------------
.intvecs   0    00000000    000000c0     
                  00000000    000000c0     startup_mspm0g350x_ticlang.o (.intvecs)

.text      0    000000c0    000034c8     
                  000000c0    00001de4     empty.o (.text.main)
                  00001ea4    00000978     empty.o (.text.motor_read)
                  0000281c    00000710     empty.o (.text.motor_write)
                  00002f2c    0000016c     empty.o (.text.print_status)
                  00003098    0000009a     libc.a : memcpy16.S.obj (.text:memcpy)
                  00003132    00000002     startup_mspm0g350x_ticlang.o (.text.Default_Handler)
                  00003134    00000098     ti_msp_dl_config.o (.text.SYSCFG_DL_GPIO_init)
                  000031cc    00000080     ti_msp_dl_config.o (.text.SYSCFG_DL_UART_0_init)
                  0000324c    0000007c     libc.a : copy_decompress_lzss.c.obj (.text:decompress:lzss)
                  000032c8    00000056     libclang_rt.builtins.a : aeabi_idivmod.S.obj (.text)
                  0000331e    00000002                            : aeabi_div0.c.obj (.text.__aeabi_idiv0)
                  00003320    00000054     ti_msp_dl_config.o (.text.SYSCFG_DL_I2C_0_init)
                  00003374    00000048     driverlib.a : dl_uart.o (.text.DL_UART_init)
                  000033bc    00000040     ti_msp_dl_config.o (.text.SYSCFG_DL_initPower)
                  000033fc    00000040     libclang_rt.builtins.a : aeabi_uidivmod.S.obj (.text)
                  0000343c    0000003c     libc.a : autoinit.c.obj (.text:__TI_auto_init_nobinit_nopinit)
                  00003478    00000030     driverlib.a : dl_uart.o (.text.DL_UART_transmitDataBlocking)
                  000034a8    00000030     ti_msp_dl_config.o (.text.SYSCFG_DL_SYSCTL_init)
                  000034d8    00000028     libc.a : boot_cortex_m.c.obj (.text:_c_int00_noargs)
                  00003500    00000026     driverlib.a : dl_i2c.o (.text.DL_I2C_setClockConfig)
                  00003526    00000018     ti_msp_dl_config.o (.text.SYSCFG_DL_init)
                  0000353e    00000012     driverlib.a : dl_uart.o (.text.DL_UART_setClockConfig)
                  00003550    00000012     libc.a : copy_decompress_none.c.obj (.text:decompress:none)
                  00003562    0000000a     driverlib.a : dl_common.o (.text.DL_Common_delayCycles)
                  0000356c    00000008     libclang_rt.builtins.a : aeabi_memcpy.S.obj (.text)
                  00003574    00000006     libc.a : exit.c.obj (.text:abort)
                  0000357a    00000004     libsysbm.a : hostexit.c.obj (.text.HOSTexit)
                  0000357e    00000004     startup_mspm0g350x_ticlang.o (.text.Reset_Handler)
                  00003582    00000004     libc.a : pre_init.c.obj (.text._system_pre_init)
                  00003586    00000002     --HOLE-- [fill = 0]

.cinit     0    00003848    00000018     
                  00003848    00000008     (__TI_handler_table)
                  00003850    00000006     (.cinit..data.load) [load image, compression = lzss]
                  00003856    00000002     --HOLE-- [fill = 0]
                  00003858    00000008     (__TI_cinit_table)

.rodata    0    00003588    000002c0     
                  00003588    00000059     empty.o (.rodata.str1.16704889451495720520.1)
                  000035e1    0000004c     empty.o (.rodata.str1.11898133897667081452.1)
                  0000362d    00000049     empty.o (.rodata.str1.7401042497206923953.1)
                  00003676    00000048     empty.o (.rodata.str1.2196762768037919588.1)
                  000036be    0000003e     empty.o (.rodata.str1.17669528882079347314.1)
                  000036fc    0000002c     empty.o (.rodata.str1.14685083708502177989.1)
                  00003728    00000029     empty.o (.rodata.str1.254342170260855183.1)
                  00003751    00000027     empty.o (.rodata.str1.15706828512682300538.1)
                  00003778    00000027     empty.o (.rodata.str1.9517790425240694019.1)
                  0000379f    0000001a     empty.o (.rodata.str1.15170238581331914936.1)
                  000037b9    00000018     empty.o (.rodata.str1.4000995719088696555.1)
                  000037d1    00000017     empty.o (.rodata.str1.11822412164550770238.1)
                  000037e8    00000015     empty.o (.rodata.str1.5792233746214848027.1)
                  000037fd    00000013     empty.o (.rodata.str1.150872071346279890.1)
                  00003810    00000012     empty.o (.rodata.str1.7079713434352825882.1)
                  00003822    0000000d     empty.o (.rodata.str1.9410084661655729462.1)
                  0000382f    00000001     --HOLE-- [fill = 0]
                  00003830    0000000a     ti_msp_dl_config.o (.rodata.gUART_0Config)
                  0000383a    00000007     empty.o (.rodata.str1.17686411042290499047.1)
                  00003841    00000002     ti_msp_dl_config.o (.rodata.gI2C_0ClockConfig)
                  00003843    00000002     ti_msp_dl_config.o (.rodata.gUART_0ClockConfig)
                  00003845    00000003     --HOLE-- [fill = 0]

.init_array 
*          0    00000000    00000000     UNINITIALIZED

.binit     0    00000000    00000000     

.data      0    20200000    00000002     UNINITIALIZED
                  20200000    00000002     empty.o (.data.calculate_line_speed.last_error)

.stack     0    20207e00    00000200     UNINITIALIZED
                  20207e00    00000004     libc.a : boot_cortex_m.c.obj (.stack)
                  20207e04    000001fc     --HOLE--

__llvm_prf_cnts 
*          0    20200000    00000000     UNINITIALIZED

__llvm_prf_bits 
*          0    20200000    00000000     UNINITIALIZED

MODULE SUMMARY

       Module                         code    ro data   rw data
       ------                         ----    -------   -------
    D:\04-NUEDC_prepare\empty\Debug\
       empty.o                        12248   686       2      
       ti_msp_dl_config.o             500     14        0      
       startup_mspm0g350x_ticlang.o   6       192       0      
    +--+------------------------------+-------+---------+---------+
       Total:                         12754   892       2      
                                                               
    C:/ti/mspm0_sdk_2_10_00_04/source/ti/driverlib/lib/ticlang/m0p/mspm0g1x0x_g3x0x/driverlib.a
       dl_uart.o                      138     0         0      
       dl_i2c.o                       38      0         0      
       dl_common.o                    10      0         0      
    +--+------------------------------+-------+---------+---------+
       Total:                         186     0         0      
                                                               
    C:\ti\ccs2100\ccs\tools\compiler\ti-cgt-armllvm_5.1.1.LTS\lib\armv6m-ti-none-eabi/c/libc.a
       memcpy16.S.obj                 154     0         0      
       copy_decompress_lzss.c.obj     124     0         0      
       autoinit.c.obj                 60      0         0      
       boot_cortex_m.c.obj            40      0         0      
       copy_decompress_none.c.obj     18      0         0      
       exit.c.obj                     6       0         0      
       pre_init.c.obj                 4       0         0      
    +--+------------------------------+-------+---------+---------+
       Total:                         406     0         0      
                                                               
    C:\ti\ccs2100\ccs\tools\compiler\ti-cgt-armllvm_5.1.1.LTS\lib\armv6m-ti-none-eabi/c/libsysbm.a
       hostexit.c.obj                 4       0         0      
    +--+------------------------------+-------+---------+---------+
       Total:                         4       0         0      
                                                               
    C:\ti\ccs2100\ccs\tools\compiler\ti-cgt-armllvm_5.1.1.LTS\lib\armv6m-ti-none-eabi/libclang_rt.builtins.a
       aeabi_idivmod.S.obj            86      0         0      
       aeabi_uidivmod.S.obj           64      0         0      
       aeabi_memcpy.S.obj             8       0         0      
       aeabi_div0.c.obj               2       0         0      
    +--+------------------------------+-------+---------+---------+
       Total:                         160     0         0      
                                                               
       Stack:                         0       0         512    
       Linker Generated:              0       22        0      
    +--+------------------------------+-------+---------+---------+
       Grand Total:                   13510   914       514    


LINKER GENERATED COPY TABLES

__TI_cinit_table @ 00003858 records: 1, size/record: 8, table size: 8
	.data: load addr=00003850, load size=00000006 bytes, run addr=20200000, run size=00000002 bytes, compression=lzss


LINKER GENERATED HANDLER TABLE

__TI_handler_table @ 00003848 records: 2, size/record: 4, table size: 8
	index: 0, handler: __TI_decompress_lzss
	index: 1, handler: __TI_decompress_none


GLOBAL SYMBOLS: SORTED ALPHABETICALLY BY Name 

address   name                          
-------   ----                          
00003133  ADC0_IRQHandler               
00003133  ADC1_IRQHandler               
00003133  AES_IRQHandler                
0000357a  C$$EXIT                       
00003133  CANFD0_IRQHandler             
00003133  DAC0_IRQHandler               
00003563  DL_Common_delayCycles         
00003501  DL_I2C_setClockConfig         
00003375  DL_UART_init                  
0000353f  DL_UART_setClockConfig        
00003479  DL_UART_transmitDataBlocking  
00003133  DMA_IRQHandler                
00003133  Default_Handler               
00003133  GROUP0_IRQHandler             
00003133  GROUP1_IRQHandler             
0000357b  HOSTexit                      
00003133  HardFault_Handler             
00003133  I2C0_IRQHandler               
00003133  I2C1_IRQHandler               
00003133  NMI_Handler                   
00003133  PendSV_Handler                
00003133  RTC_IRQHandler                
0000357f  Reset_Handler                 
00003133  SPI0_IRQHandler               
00003133  SPI1_IRQHandler               
00003133  SVC_Handler                   
00003135  SYSCFG_DL_GPIO_init           
00003321  SYSCFG_DL_I2C_0_init          
000034a9  SYSCFG_DL_SYSCTL_init         
000031cd  SYSCFG_DL_UART_0_init         
00003527  SYSCFG_DL_init                
000033bd  SYSCFG_DL_initPower           
00003133  SysTick_Handler               
00003133  TIMA0_IRQHandler              
00003133  TIMA1_IRQHandler              
00003133  TIMG0_IRQHandler              
00003133  TIMG12_IRQHandler             
00003133  TIMG6_IRQHandler              
00003133  TIMG7_IRQHandler              
00003133  TIMG8_IRQHandler              
00003133  UART0_IRQHandler              
00003133  UART1_IRQHandler              
00003133  UART2_IRQHandler              
00003133  UART3_IRQHandler              
20208000  __STACK_END                   
00000200  __STACK_SIZE                  
00000000  __TI_ATRegion0_region_sz      
00000000  __TI_ATRegion0_src_addr       
00000000  __TI_ATRegion0_trg_addr       
00000000  __TI_ATRegion1_region_sz      
00000000  __TI_ATRegion1_src_addr       
00000000  __TI_ATRegion1_trg_addr       
00000000  __TI_ATRegion2_region_sz      
00000000  __TI_ATRegion2_src_addr       
00000000  __TI_ATRegion2_trg_addr       
00003858  __TI_CINIT_Base               
00003860  __TI_CINIT_Limit              
00003860  __TI_CINIT_Warm               
00003848  __TI_Handler_Table_Base       
00003850  __TI_Handler_Table_Limit      
0000343d  __TI_auto_init_nobinit_nopinit
0000324d  __TI_decompress_lzss          
00003551  __TI_decompress_none          
ffffffff  __TI_pprof_out_hndl           
ffffffff  __TI_prof_data_size           
ffffffff  __TI_prof_data_start          
00000000  __TI_static_base__            
000032c9  __aeabi_idiv                  
0000331f  __aeabi_idiv0                 
000032c9  __aeabi_idivmod               
0000356d  __aeabi_memcpy                
0000356d  __aeabi_memcpy4               
0000356d  __aeabi_memcpy8               
000033fd  __aeabi_uidiv                 
000033fd  __aeabi_uidivmod              
ffffffff  __binit__                     
UNDEFED   __mpu_init                    
20207e00  __stack                       
20200000  __start___llvm_prf_bits       
20200000  __start___llvm_prf_cnts       
20200000  __stop___llvm_prf_bits        
20200000  __stop___llvm_prf_cnts        
000034d9  _c_int00_noargs               
UNDEFED   _system_post_cinit            
00003583  _system_pre_init              
00003575  abort                         
ffffffff  binit                         
00000000  interruptVectors              
000000c1  main                          
00003099  memcpy                        


GLOBAL SYMBOLS: SORTED BY Symbol Address 

address   name                          
-------   ----                          
00000000  __TI_ATRegion0_region_sz      
00000000  __TI_ATRegion0_src_addr       
00000000  __TI_ATRegion0_trg_addr       
00000000  __TI_ATRegion1_region_sz      
00000000  __TI_ATRegion1_src_addr       
00000000  __TI_ATRegion1_trg_addr       
00000000  __TI_ATRegion2_region_sz      
00000000  __TI_ATRegion2_src_addr       
00000000  __TI_ATRegion2_trg_addr       
00000000  __TI_static_base__            
00000000  interruptVectors              
000000c1  main                          
00000200  __STACK_SIZE                  
00003099  memcpy                        
00003133  ADC0_IRQHandler               
00003133  ADC1_IRQHandler               
00003133  AES_IRQHandler                
00003133  CANFD0_IRQHandler             
00003133  DAC0_IRQHandler               
00003133  DMA_IRQHandler                
00003133  Default_Handler               
00003133  GROUP0_IRQHandler             
00003133  GROUP1_IRQHandler             
00003133  HardFault_Handler             
00003133  I2C0_IRQHandler               
00003133  I2C1_IRQHandler               
00003133  NMI_Handler                   
00003133  PendSV_Handler                
00003133  RTC_IRQHandler                
00003133  SPI0_IRQHandler               
00003133  SPI1_IRQHandler               
00003133  SVC_Handler                   
00003133  SysTick_Handler               
00003133  TIMA0_IRQHandler              
00003133  TIMA1_IRQHandler              
00003133  TIMG0_IRQHandler              
00003133  TIMG12_IRQHandler             
00003133  TIMG6_IRQHandler              
00003133  TIMG7_IRQHandler              
00003133  TIMG8_IRQHandler              
00003133  UART0_IRQHandler              
00003133  UART1_IRQHandler              
00003133  UART2_IRQHandler              
00003133  UART3_IRQHandler              
00003135  SYSCFG_DL_GPIO_init           
000031cd  SYSCFG_DL_UART_0_init         
0000324d  __TI_decompress_lzss          
000032c9  __aeabi_idiv                  
000032c9  __aeabi_idivmod               
0000331f  __aeabi_idiv0                 
00003321  SYSCFG_DL_I2C_0_init          
00003375  DL_UART_init                  
000033bd  SYSCFG_DL_initPower           
000033fd  __aeabi_uidiv                 
000033fd  __aeabi_uidivmod              
0000343d  __TI_auto_init_nobinit_nopinit
00003479  DL_UART_transmitDataBlocking  
000034a9  SYSCFG_DL_SYSCTL_init         
000034d9  _c_int00_noargs               
00003501  DL_I2C_setClockConfig         
00003527  SYSCFG_DL_init                
0000353f  DL_UART_setClockConfig        
00003551  __TI_decompress_none          
00003563  DL_Common_delayCycles         
0000356d  __aeabi_memcpy                
0000356d  __aeabi_memcpy4               
0000356d  __aeabi_memcpy8               
00003575  abort                         
0000357a  C$$EXIT                       
0000357b  HOSTexit                      
0000357f  Reset_Handler                 
00003583  _system_pre_init              
00003848  __TI_Handler_Table_Base       
00003850  __TI_Handler_Table_Limit      
00003858  __TI_CINIT_Base               
00003860  __TI_CINIT_Limit              
00003860  __TI_CINIT_Warm               
20200000  __start___llvm_prf_bits       
20200000  __start___llvm_prf_cnts       
20200000  __stop___llvm_prf_bits        
20200000  __stop___llvm_prf_cnts        
20207e00  __stack                       
20208000  __STACK_END                   
ffffffff  __TI_pprof_out_hndl           
ffffffff  __TI_prof_data_size           
ffffffff  __TI_prof_data_start          
ffffffff  __binit__                     
ffffffff  binit                         
UNDEFED   __mpu_init                    
UNDEFED   _system_post_cinit            

[90 symbols]
